/SiteWebIF/Intranet-etudiant.php : 17
/notesif/ : 8
/temps/ : 6
/notesif : 6
/temps/3IF1.ics : 4
/temps/3IF37.html : 4
/temps/3IF39.html : 4
/ : 3
/temps/3IF41.html : 2
/temps/index.html : 2
