/SiteWebIF/Intranet-etudiant.php : 51
/notesif : 28
/temps/3IF1.ics : 11
/temps/FondInsa.jpg : 11
/temps : 10
/temps/style_emploi_du_temps.css : 10
/favicon.ico : 9
/temps/InsaIF.ico : 9
/temps/suivant.gif : 8
/cas/themes/insa/media/favicon.ico : 8
