/SiteWebIF/Intranet-etudiant.php : 17
/notesif/ : 8
/temps/ : 6
/notesif : 6
/favicon.ico : 5
/temps/FondInsa.jpg : 5
/temps/style_emploi_du_temps.css : 5
/temps/3IF1.ics : 4
/temps/3IF39.html : 4
/temps/InsaIF.ico : 4
