/SiteWebIF/Intranet-etudiant.php : 36
/notesif/ : 15
/notesif : 13
/temps/3IF1.ics : 11
/temps/ : 10
/temps/3IF37.html : 8
/ : 7
/temps/3IF39.html : 7
/temps/4IF4.ics : 5
/temps/4IF3.ics : 5
