/SiteWebIF/Intranet-etudiant.php : 36
/notesif/ : 15
/notesif : 13
/temps/FondInsa.jpg : 11
/temps/3IF1.ics : 11
/temps/style_emploi_du_temps.css : 10
/temps/ : 10
/temps/InsaIF.ico : 9
/favicon.ico : 9
/temps/3IF37.html : 8
